[
  {
    "_id": "ObjectId(5acaca17627617232598ff09)",
    "caseReference.additionalSources": "",
    "caseReference.sourceEntryId": "",
    "caseReference.sourceId": "5f748db4f9a454707d54faaa",
    "caseReference.sourceUrl": "http://foo/bar.csv",
    "caseReference.uploadIds": "",
    "caseReference.verificationStatus": "VERIFIED",
    "demographics.ageRange.end": "",
    "demographics.ageRange.start": "",
    "demographics.ethnicity": "",
    "demographics.gender": "",
    "demographics.nationalities": "",
    "demographics.occupation": "",
    "events.confirmed.date": "2020-02-28",
    "events.confirmed.value": "",
    "events.firstClinicalConsultation.date": "",
    "events.firstClinicalConsultation.value": "",
    "events.hospitalAdmission.date": "",
    "events.hospitalAdmission.value": "",
    "events.icuAdmission.date": "",
    "events.icuAdmission.value": "",
    "events.onsetSymptoms.date": "",
    "events.onsetSymptoms.value": "",
    "events.outcome.date": "",
    "events.outcome.value": "",
    "events.selfIsolation.date": "",
    "events.selfIsolation.value": "",
    "genomeSequences": "",
    "genomeSequences.repositoryUrl": "",
    "genomeSequences.sampleCollectionDate": "",
    "genomeSequences.sequenceId": "",
    "genomeSequences.sequenceLength": "",
    "genomeSequences.sequenceName": "",
    "location.administrativeAreaLevel1": "Port",
    "location.administrativeAreaLevel2": "Oldport",
    "location.administrativeAreaLevel3": "",
    "location.country": "Atlantis",
    "location.geoResolution": "Admin2",
    "location.geometry.latitude": "35",
    "location.geometry.longitude": "-31",
    "location.name": "Port of Atlantis",
    "location.place": "",
    "notes": "",
    "pathogens": "",
    "preexistingConditions.hasPreexistingConditions": "",
    "preexistingConditions.values": "",
    "revisionMetadata.creationMetadata.date": "2021-05-13T12:40:40.000Z",
    "revisionMetadata.creationMetadata.notes": "",
    "revisionMetadata.editMetadata.date": "",
    "revisionMetadata.editMetadata.notes": "",
    "revisionMetadata.revisionNumber": "0",
    "symptoms.status": "",
    "symptoms.values": "",
    "transmission.linkedCaseIds": "",
    "transmission.places": "",
    "transmission.routes": "",
    "travelHistory.travel.dateRange.end": "",
    "travelHistory.travel.dateRange.start": "",
    "travelHistory.travel.location.administrativeAreaLevel1": "",
    "travelHistory.travel.location.administrativeAreaLevel2": "",
    "travelHistory.travel.location.administrativeAreaLevel3": "",
    "travelHistory.travel.location.country": "",
    "travelHistory.travel.location.geoResolution": "",
    "travelHistory.travel.location.geometry.coordinates": "",
    "travelHistory.travel.location.name": "",
    "travelHistory.travel.location.place": "",
    "travelHistory.travel.methods": "",
    "travelHistory.travel.purpose": "",
    "travelHistory.traveledPrior30Days": "",
    "vaccines.0.batch": "",
    "vaccines.0.date": "",
    "vaccines.0.name": "",
    "vaccines.0.sideEffects": "",
    "vaccines.1.batch": "",
    "vaccines.1.date": "",
    "vaccines.1.name": "",
    "vaccines.1.sideEffects": "",
    "vaccines.2.batch": "",
    "vaccines.2.date": "",
    "vaccines.2.name": "",
    "vaccines.2.sideEffects": "",
    "vaccines.3.batch": "",
    "vaccines.3.date": "",
    "vaccines.3.name": "",
    "vaccines.3.sideEffects": "",
    "variantOfConcern": ""
  },
  {
    "_id": "ObjectId(609d20396760e8456eb70c80)",
    "caseReference.additionalSources": "",
    "caseReference.sourceEntryId": "",
    "caseReference.sourceId": "5f748db4f9a454707d54faaa",
    "caseReference.sourceUrl": "http://foo/bar.csv",
    "caseReference.uploadIds": "",
    "caseReference.verificationStatus": "VERIFIED",
    "demographics.ageRange.end": "",
    "demographics.ageRange.start": "",
    "demographics.ethnicity": "",
    "demographics.gender": "",
    "demographics.nationalities": "",
    "demographics.occupation": "",
    "events.confirmed.date": "2020-03-31",
    "events.confirmed.value": "",
    "events.firstClinicalConsultation.date": "",
    "events.firstClinicalConsultation.value": "",
    "events.hospitalAdmission.date": "",
    "events.hospitalAdmission.value": "",
    "events.icuAdmission.date": "",
    "events.icuAdmission.value": "",
    "events.onsetSymptoms.date": "",
    "events.onsetSymptoms.value": "",
    "events.outcome.date": "",
    "events.outcome.value": "",
    "events.selfIsolation.date": "",
    "events.selfIsolation.value": "",
    "genomeSequences": "",
    "genomeSequences.repositoryUrl": "",
    "genomeSequences.sampleCollectionDate": "",
    "genomeSequences.sequenceId": "",
    "genomeSequences.sequenceLength": "",
    "genomeSequences.sequenceName": "",
    "location.administrativeAreaLevel1": "Coast",
    "location.administrativeAreaLevel2": "",
    "location.administrativeAreaLevel3": "",
    "location.country": "Atlantis",
    "location.geoResolution": "Admin1",
    "location.geometry.latitude": "35.2",
    "location.geometry.longitude": "-32",
    "location.name": "Coast, Atlantis",
    "location.place": "",
    "notes": "",
    "pathogens": "",
    "preexistingConditions.hasPreexistingConditions": "",
    "preexistingConditions.values": "",
    "revisionMetadata.creationMetadata.date": "2021-05-13T12:40:40.000Z",
    "revisionMetadata.creationMetadata.notes": "",
    "revisionMetadata.editMetadata.date": "",
    "revisionMetadata.editMetadata.notes": "",
    "revisionMetadata.revisionNumber": "0",
    "symptoms.status": "",
    "symptoms.values": "",
    "transmission.linkedCaseIds": "",
    "transmission.places": "",
    "transmission.routes": "",
    "travelHistory.travel.dateRange.end": "",
    "travelHistory.travel.dateRange.start": "",
    "travelHistory.travel.location.administrativeAreaLevel1": "",
    "travelHistory.travel.location.administrativeAreaLevel2": "",
    "travelHistory.travel.location.administrativeAreaLevel3": "",
    "travelHistory.travel.location.country": "",
    "travelHistory.travel.location.geoResolution": "",
    "travelHistory.travel.location.geometry.coordinates": "",
    "travelHistory.travel.location.name": "",
    "travelHistory.travel.location.place": "",
    "travelHistory.travel.methods": "",
    "travelHistory.travel.purpose": "",
    "travelHistory.traveledPrior30Days": "",
    "vaccines.0.batch": "",
    "vaccines.0.date": "",
    "vaccines.0.name": "",
    "vaccines.0.sideEffects": "",
    "vaccines.1.batch": "",
    "vaccines.1.date": "",
    "vaccines.1.name": "",
    "vaccines.1.sideEffects": "",
    "vaccines.2.batch": "",
    "vaccines.2.date": "",
    "vaccines.2.name": "",
    "vaccines.2.sideEffects": "",
    "vaccines.3.batch": "",
    "vaccines.3.date": "",
    "vaccines.3.name": "",
    "vaccines.3.sideEffects": "",
    "variantOfConcern": ""
  }
]