_id,caseReference.additionalSources,caseReference.sourceEntryId,caseReference.sourceId,caseReference.sourceUrl,caseReference.uploadIds,caseReference.verificationStatus,demographics.ageRange.end,demographics.ageRange.start,demographics.ethnicity,demographics.gender,demographics.nationalities,demographics.occupation,events.confirmed.date,events.confirmed.value,events.firstClinicalConsultation.date,events.hospitalAdmission.date,events.hospitalAdmission.value,events.icuAdmission.date,events.icuAdmission.value,events.onsetSymptoms.date,events.outcome.date,events.outcome.value,events.selfIsolation.date,location.administrativeAreaLevel1,location.administrativeAreaLevel2,location.administrativeAreaLevel3,location.country,location.geometry.latitude,location.geometry.longitude,location.geoResolution,location.name,location.place,notes,pathogens,preexistingConditions.hasPreexistingConditions,preexistingConditions.values,revisionMetadata.creationMetadata.date,revisionMetadata.creationMetadata.notes,revisionMetadata.editMetadata.date,revisionMetadata.editMetadata.notes,revisionMetadata.revisionNumber,SGTF,symptoms.status,symptoms.values,transmission.linkedCaseIds,transmission.places,transmission.routes,travelHistory.travel.dateRange.end,travelHistory.travel.dateRange.start,travelHistory.travel.location.administrativeAreaLevel1,travelHistory.travel.location.administrativeAreaLevel2,travelHistory.travel.location.administrativeAreaLevel3,travelHistory.travel.location.country,travelHistory.travel.location.geometry.coordinates,travelHistory.travel.location.geoResolution,travelHistory.travel.location.name,travelHistory.travel.location.place,travelHistory.travel.methods,travelHistory.travel.purpose,travelHistory.traveledPrior30Days,vaccines.0.batch,vaccines.0.date,vaccines.0.name,vaccines.0.sideEffects,vaccines.1.batch,vaccines.1.date,vaccines.1.name,vaccines.1.sideEffects,vaccines.2.batch,vaccines.2.date,vaccines.2.name,vaccines.2.sideEffects,vaccines.3.batch,vaccines.3.date,vaccines.3.name,vaccines.3.sideEffects,variantOfConcern
ObjectId(6817283abaa89324a90109aa),,,787123878aa90909811aaff1,http://foo/bar.csv,bb12399abbb19230900aa123,UNVERIFIED,69,60,,Male,,,2021-01-01,,,,,,,,,,,,,,Antarctica,-79.402,0.323,Country,Antarctica,,,,,,2021-01-02T13:42:34.991Z,,,,0,NA,,,,,,,,,,,,,,,,,true,,,,,,,,,,,,,,,,,,
ObjectId(798989a98998acc98989a1bb),,,787123878aa90909811aaff1,http://foo/bar.csv,bb12399abbb19230900aa123,UNVERIFIED,29,20,,Female,,,2021-01-05,,,,,,,,,,,,,,Antarctica,-79.402,0.323,Country,Antarctica,,,,,,2021-01-02T13:42:34.991Z,,,,0,NA,,,,,,,,,,,,,,,,,true,,,,,,,,,,,,,,,,,,
